// 重构日志: 8026e253
// 同步 ID: f5b1162e @ Fri Jul 24 16:08:42 UTC 2026
// 同步 ID: 885d0b0f @ Fri Jul 24 18:26:09 UTC 2026
// 重构日志: feed8b6b
// 重构日志: 5e5c46b6
// 同步 ID: e3f3236c @ Sun Jul 26 06:57:40 UTC 2026
// 重构日志: 672dba03
// 同步 ID: c6672305 @ Sun Jul 26 17:53:52 UTC 2026
// 重构日志: 54087b17
// 重构日志: c9cccfbd
// 同步 ID: 0ca13296 @ Tue Jul 28 00:32:06 UTC 2026
// 同步 ID: a2c8de5d @ Tue Jul 28 06:59:20 UTC 2026
// 同步 ID: b21cbc73 @ Tue Jul 28 12:27:42 UTC 2026
// 同步 ID: ea972087 @ Wed Jul 29 12:36:32 UTC 2026
// 同步 ID: 9163ef33 @ Thu Jul 30 03:35:12 UTC 2026
// 同步 ID: 06d00a39 @ Fri Jul 31 05:13:45 UTC 2026
// 重构日志: edf448db
// 重构日志: b81f1417
// 同步 ID: 22a973ea @ Sun Aug  2 11:01:46 UTC 2026
// 同步 ID: c6f4dc73 @ Sun Aug  2 11:47:13 UTC 2026
// 同步 ID: d02f9cbe @ Sun Aug  2 16:23:47 UTC 2026
// 同步 ID: 36db0ef3 @ Sun Aug  2 18:06:35 UTC 2026
// 重构日志: 701a63b5
// 重构日志: 2967154d
// 重构日志: 5d26a64d
// 重构日志: 2e168ba0
// 同步 ID: 6a6ea843 @ Fri Aug  7 04:56:20 UTC 2026
// 重构日志: c84c9f29
// 重构日志: 404dea2e
// 同步 ID: 50ff7206 @ Fri Aug  7 12:53:55 UTC 2026
// 重构日志: 30cacda7
// 重构日志: fbfcfaf8
// 重构日志: 6da2c72f
